{"verified": "erdos953-regular-oct-R1-N64-coarse-2026-10-03.json", "pairs": 25229856}
{"verified": "erdos953-regular-oct-R1-N128-fine-2026-10-03.json", "pairs": 415310610}
{"verified": "erdos953-regular-oct-R1-N256-fine-2026-10-03.json", "pairs": 6767788653}
{"verified": "erdos953-regular-oct-R1.5-N64-coarse-2026-10-03.json", "pairs": 33796531}
{"verified": "erdos953-regular-oct-R1.5-N128-fine-2026-10-03.json", "pairs": 562683831}
{"verified": "erdos953-regular-oct-R1.5-N256-fine-2026-10-03.json", "pairs": 9191442736}
{"verified": "erdos953-regular-oct-R2-N64-coarse-2026-10-03.json", "pairs": 39734155}
{"verified": "erdos953-regular-oct-R2-N128-fine-2026-10-03.json", "pairs": 663335676}
{"verified": "erdos953-regular-oct-R2-N256-fine-2026-10-03.json", "pairs": 10866991600}
{"verified": "erdos953-regular-oct-R4-N16-coarse-2026-10-03.json", "pairs": 161028}
{"verified": "erdos953-regular-oct-R4-N32-fine-2026-10-03.json", "pairs": 3184026}
{"verified": "erdos953-regular-oct-R4-N64-fine-2026-10-03.json", "pairs": 56695276}
{"verified": "erdos953-regular-oct-R8-N8-coarse-2026-10-03.json", "pairs": 8515}
{"verified": "erdos953-regular-oct-R8-N16-fine-2026-10-03.json", "pairs": 207046}
{"verified": "erdos953-regular-oct-R8-N32-fine-2026-10-03.json", "pairs": 4125628}
{"verified": "erdos953-regular-oct-R8-N64-fine-2026-10-03.json", "pairs": 74548155}
{"verified": "erdos953-hex-R1.5-N362-fine-2026-10-03.json", "pairs": 9139317201}
{"verified": "erdos953-square-R1.5-N362-fine-2026-10-03.json", "pairs": 9146889885}
{"verified": "erdos953-hex-R2-N362-fine-2026-10-03.json", "pairs": 10841796631}
{"verified": "erdos953-square-R2-N362-fine-2026-10-03.json", "pairs": 10835612866}
{"verified": "erdos953-hex-R4-N91-fine-2026-10-03.json", "pairs": 58195866}
{"verified": "erdos953-square-R4-N91-fine-2026-10-03.json", "pairs": 57453840}
{"verified": "erdos953-hex-R8-N91-fine-2026-10-03.json", "pairs": 77968828}
{"verified": "erdos953-square-R8-N91-fine-2026-10-03.json", "pairs": 76675536}
{"certificates": 84, "pair_checks": 111880148435, "best": {"1": {"oct": 0.8853018188476562, "regular-oct": 0.885226187244363, "hex": 0.8842223507511408, "square": 0.883514404296875}, "1.5": {"oct": 1.0322280883789063, "regular-oct": 1.0321586752260548, "hex": 1.0334471127302058, "square": 1.0321342449864168}, "2": {"oct": 1.123743896484375, "regular-oct": 1.1220924124528546, "hex": 1.125594280564011, "square": 1.123378407252526}, "4": {"oct": 1.2886376953125, "regular-oct": 1.2874984852696143, "hex": 1.2971745219256292, "square": 1.2945296461779978}, "8": {"oct": 1.4804833984375, "regular-oct": 1.4723991803424352, "hex": 1.5014473472803094, "square": 1.4954715614056273}}}
